[{"cell_id":4,"errors":[{"line":1,"label":"b", "error_type":"ErrorType.CRITICAL", "message":"Variable uses outdated values."}],"path":[0, 2, 4]},{"cell_id":5,"errors":[{"line":1,"label":"train", "error_type":"ErrorType.CRITICAL", "message":"Variable uses outdated values."}],"path":[0, 2, 4, 5]},{"cell_id":3,"errors":[{"line":2,"label":"nbrs", "error_type":"ErrorType.TERMINAL", "message":"Idle cell."},{"line":4,"label":"distances", "error_type":"ErrorType.TERMINAL", "message":"Idle cell."},{"line":4,"label":"indices", "error_type":"ErrorType.TERMINAL", "message":"Idle cell."},{"line":7,"label":"nearest_logerrors", "error_type":"ErrorType.TERMINAL", "message":"Idle cell."},{"line":10,"label":"nearest_taxvaluedollarcnt", "error_type":"ErrorType.TERMINAL", "message":"Idle cell."},{"line":13,"label":"nearest_structuretaxvaluedollarcnt", "error_type":"ErrorType.TERMINAL", "message":"Idle cell."}],"path":[3]},{"cell_id":6,"errors":[{"line":1,"label":"to_look", "error_type":"ErrorType.TERMINAL", "message":"Idle cell."},{"line":2,"label":"fig", "error_type":"ErrorType.TERMINAL", "message":"Idle cell."},{"line":2,"label":"ax", "error_type":"ErrorType.TERMINAL", "message":"Idle cell."}],"path":[6]},{"cell_id":7,"errors":[{"line":1,"label":"to_look", "error_type":"ErrorType.TERMINAL", "message":"Idle cell."},{"line":2,"label":"fig", "error_type":"ErrorType.TERMINAL", "message":"Idle cell."},{"line":2,"label":"ax", "error_type":"ErrorType.TERMINAL", "message":"Idle cell."}],"path":[7]}]