[{"cell_id":0,"errors":[{"line":1,"label":"", "error_type":"ErrorType.TERMINAL", "message":"Isolated cell."}],"path":[0]},{"cell_id":0,"errors":[{"line":1,"label":"", "error_type":"ErrorType.TERMINAL", "message":"Idle cell."}],"path":[0]},{"cell_id":3,"errors":[{"line":1,"label":"", "error_type":"ErrorType.TERMINAL", "message":"Idle cell."}],"path":[3]},{"cell_id":5,"errors":[{"line":2,"label":"X_train3", "error_type":"ErrorType.TERMINAL", "message":"Idle cell."},{"line":3,"label":"Y_train3", "error_type":"ErrorType.TERMINAL", "message":"Idle cell."},{"line":7,"label":"X_train2", "error_type":"ErrorType.TERMINAL", "message":"Idle cell."},{"line":7,"label":"Y_train2", "error_type":"ErrorType.TERMINAL", "message":"Idle cell."}],"path":[5]},{"cell_id":7,"errors":[{"line":2,"label":"annealer", "error_type":"ErrorType.TERMINAL", "message":"Idle cell."},{"line":4,"label":"history", "error_type":"ErrorType.TERMINAL", "message":"Idle cell."},{"line":5,"label":"epochs", "error_type":"ErrorType.TERMINAL", "message":"Idle cell."},{"line":7,"label":"X_train2", "error_type":"ErrorType.TERMINAL", "message":"Idle cell."},{"line":7,"label":"X_val2", "error_type":"ErrorType.TERMINAL", "message":"Idle cell."},{"line":7,"label":"Y_train2", "error_type":"ErrorType.TERMINAL", "message":"Idle cell."},{"line":7,"label":"Y_val2", "error_type":"ErrorType.TERMINAL", "message":"Idle cell."}],"path":[7]},{"cell_id":8,"errors":[{"line":2,"label":"results", "error_type":"ErrorType.TERMINAL", "message":"Idle cell."},{"line":7,"label":"submission", "error_type":"ErrorType.TERMINAL", "message":"Idle cell."}],"path":[8]}]