[{"cell_id":0,"errors":[{"line":1,"label":"", "error_type":"ErrorType.TERMINAL", "message":"Isolated cell."}],"path":[0]},{"cell_id":0,"errors":[{"line":1,"label":"", "error_type":"ErrorType.TERMINAL", "message":"Idle cell."}],"path":[0]},{"cell_id":2,"errors":[{"line":1,"label":"missing_df", "error_type":"ErrorType.TERMINAL", "message":"Idle cell."},{"line":1,"label":"ind", "error_type":"ErrorType.TERMINAL", "message":"Idle cell."},{"line":7,"label":"width", "error_type":"ErrorType.TERMINAL", "message":"Idle cell."},{"line":8,"label":"fig", "error_type":"ErrorType.TERMINAL", "message":"Idle cell."},{"line":1,"label":"ax", "error_type":"ErrorType.TERMINAL", "message":"Idle cell."},{"line":9,"label":"rects", "error_type":"ErrorType.TERMINAL", "message":"Idle cell."}],"path":[2]},{"cell_id":4,"errors":[{"line":2,"label":"index", "error_type":"ErrorType.TERMINAL", "message":"Idle cell."}],"path":[4]},{"cell_id":5,"errors":[{"line":2,"label":"poolsizesum_median", "error_type":"ErrorType.TERMINAL", "message":"Idle cell."}],"path":[5]},{"cell_id":6,"errors":[{"line":6,"label":"index", "error_type":"ErrorType.TERMINAL", "message":"Idle cell."}],"path":[6]},{"cell_id":7,"errors":[{"line":2,"label":"index", "error_type":"ErrorType.TERMINAL", "message":"Idle cell."}],"path":[7]},{"cell_id":8,"errors":[{"line":3,"label":"index", "error_type":"ErrorType.TERMINAL", "message":"Idle cell."}],"path":[8]},{"cell_id":9,"errors":[{"line":3,"label":"index", "error_type":"ErrorType.TERMINAL", "message":"Idle cell."}],"path":[9]},{"cell_id":11,"errors":[{"line":1,"label":"", "error_type":"ErrorType.TERMINAL", "message":"Idle cell."}],"path":[11]},{"cell_id":14,"errors":[{"line":1,"label":"x", "error_type":"ErrorType.TERMINAL", "message":"Idle cell."},{"line":23,"label":"cols", "error_type":"ErrorType.TERMINAL", "message":"Idle cell."},{"line":24,"label":"X_train", "error_type":"ErrorType.TERMINAL", "message":"Idle cell."},{"line":25,"label":"scaler", "error_type":"ErrorType.TERMINAL", "message":"Idle cell."},{"line":26,"label":"rescaledX", "error_type":"ErrorType.TERMINAL", "message":"Idle cell."},{"line":29,"label":"Y_train", "error_type":"ErrorType.TERMINAL", "message":"Idle cell."},{"line":22,"label":"knn", "error_type":"ErrorType.TERMINAL", "message":"Idle cell."},{"line":35,"label":"X_test", "error_type":"ErrorType.TERMINAL", "message":"Idle cell."},{"line":17,"label":"pred", "error_type":"ErrorType.TERMINAL", "message":"Idle cell."}],"path":[14]}]