[{"cell_id":0,"errors":[{"line":3,"label":"mnist_data_folder", "error_type":"ErrorType.TERMINAL", "message":"Isolated cell."},{"line":2,"label":"mnist", "error_type":"ErrorType.TERMINAL", "message":"Isolated cell."}],"path":[0]},{"cell_id":0,"errors":[{"line":3,"label":"mnist_data_folder", "error_type":"ErrorType.TERMINAL", "message":"Idle cell."},{"line":2,"label":"mnist", "error_type":"ErrorType.TERMINAL", "message":"Idle cell."}],"path":[0]},{"cell_id":1,"errors":[{"line":1,"label":"x", "error_type":"ErrorType.TERMINAL", "message":"Idle cell."},{"line":4,"label":"W", "error_type":"ErrorType.TERMINAL", "message":"Idle cell."},{"line":4,"label":"b", "error_type":"ErrorType.TERMINAL", "message":"Idle cell."},{"line":7,"label":"y", "error_type":"ErrorType.TERMINAL", "message":"Idle cell."},{"line":9,"label":"y_", "error_type":"ErrorType.TERMINAL", "message":"Idle cell."},{"line":11,"label":"cross_entropy", "error_type":"ErrorType.TERMINAL", "message":"Idle cell."},{"line":13,"label":"train_step", "error_type":"ErrorType.TERMINAL", "message":"Idle cell."},{"line":15,"label":"init", "error_type":"ErrorType.TERMINAL", "message":"Idle cell."},{"line":17,"label":"sess", "error_type":"ErrorType.TERMINAL", "message":"Idle cell."},{"line":20,"label":"batch_xs", "error_type":"ErrorType.TERMINAL", "message":"Idle cell."},{"line":20,"label":"batch_ys", "error_type":"ErrorType.TERMINAL", "message":"Idle cell."},{"line":23,"label":"correct_prediction", "error_type":"ErrorType.TERMINAL", "message":"Idle cell."},{"line":24,"label":"accuracy", "error_type":"ErrorType.TERMINAL", "message":"Idle cell."}],"path":[1]}]