[{"cell_id":0,"errors":[{"line":1,"label":"", "error_type":"ErrorType.TERMINAL", "message":"Isolated cell."}],"path":[0]},{"cell_id":0,"errors":[{"line":1,"label":"", "error_type":"ErrorType.TERMINAL", "message":"Idle cell."}],"path":[0]},{"cell_id":3,"errors":[{"line":1,"label":"", "error_type":"ErrorType.TERMINAL", "message":"Idle cell."}],"path":[3]},{"cell_id":4,"errors":[{"line":1,"label":"", "error_type":"ErrorType.TERMINAL", "message":"Idle cell."}],"path":[4]},{"cell_id":10,"errors":[{"line":2,"label":"g", "error_type":"ErrorType.TERMINAL", "message":"Idle cell."}],"path":[10]},{"cell_id":13,"errors":[{"line":1,"label":"", "error_type":"ErrorType.TERMINAL", "message":"Idle cell."}],"path":[13]},{"cell_id":18,"errors":[{"line":2,"label":"fig", "error_type":"ErrorType.TERMINAL", "message":"Idle cell."},{"line":2,"label":"ax", "error_type":"ErrorType.TERMINAL", "message":"Idle cell."},{"line":5,"label":"legend", "error_type":"ErrorType.TERMINAL", "message":"Idle cell."}],"path":[18]},{"cell_id":20,"errors":[{"line":4,"label":"errors", "error_type":"ErrorType.TERMINAL", "message":"Idle cell."},{"line":6,"label":"Y_pred_classes_errors", "error_type":"ErrorType.TERMINAL", "message":"Idle cell."},{"line":7,"label":"Y_pred_errors", "error_type":"ErrorType.TERMINAL", "message":"Idle cell."},{"line":8,"label":"Y_true_errors", "error_type":"ErrorType.TERMINAL", "message":"Idle cell."},{"line":9,"label":"X_val_errors", "error_type":"ErrorType.TERMINAL", "message":"Idle cell."},{"line":3,"label":"n", "error_type":"ErrorType.TERMINAL", "message":"Idle cell."},{"line":14,"label":"nrows", "error_type":"ErrorType.TERMINAL", "message":"Idle cell."},{"line":15,"label":"ncols", "error_type":"ErrorType.TERMINAL", "message":"Idle cell."},{"line":16,"label":"fig", "error_type":"ErrorType.TERMINAL", "message":"Idle cell."},{"line":16,"label":"ax", "error_type":"ErrorType.TERMINAL", "message":"Idle cell."},{"line":1,"label":"error", "error_type":"ErrorType.TERMINAL", "message":"Idle cell."},{"line":25,"label":"Y_pred_errors_prob", "error_type":"ErrorType.TERMINAL", "message":"Idle cell."},{"line":28,"label":"true_prob_errors", "error_type":"ErrorType.TERMINAL", "message":"Idle cell."},{"line":31,"label":"delta_pred_true_errors", "error_type":"ErrorType.TERMINAL", "message":"Idle cell."},{"line":34,"label":"sorted_dela_errors", "error_type":"ErrorType.TERMINAL", "message":"Idle cell."},{"line":37,"label":"most_important_errors", "error_type":"ErrorType.TERMINAL", "message":"Idle cell."}],"path":[20]},{"cell_id":22,"errors":[{"line":1,"label":"submission", "error_type":"ErrorType.TERMINAL", "message":"Idle cell."}],"path":[22]}]