[{"cell_id":0,"errors":[{"line":1,"label":"", "error_type":"ErrorType.TERMINAL", "message":"Isolated cell."}],"path":[0]},{"cell_id":1,"errors":[{"line":1,"label":"", "error_type":"ErrorType.TERMINAL", "message":"Isolated cell."}],"path":[1]},{"cell_id":19,"errors":[{"line":1,"label":"", "error_type":"ErrorType.TERMINAL", "message":"Isolated cell."}],"path":[19]},{"cell_id":0,"errors":[{"line":1,"label":"", "error_type":"ErrorType.TERMINAL", "message":"Idle cell."}],"path":[0]},{"cell_id":1,"errors":[{"line":1,"label":"", "error_type":"ErrorType.TERMINAL", "message":"Idle cell."}],"path":[1]},{"cell_id":3,"errors":[{"line":1,"label":"", "error_type":"ErrorType.TERMINAL", "message":"Idle cell."}],"path":[3]},{"cell_id":4,"errors":[{"line":1,"label":"", "error_type":"ErrorType.TERMINAL", "message":"Idle cell."}],"path":[4]},{"cell_id":5,"errors":[{"line":1,"label":"", "error_type":"ErrorType.TERMINAL", "message":"Idle cell."}],"path":[5]},{"cell_id":6,"errors":[{"line":1,"label":"", "error_type":"ErrorType.TERMINAL", "message":"Idle cell."}],"path":[6]},{"cell_id":7,"errors":[{"line":1,"label":"", "error_type":"ErrorType.TERMINAL", "message":"Idle cell."}],"path":[7]},{"cell_id":8,"errors":[{"line":1,"label":"", "error_type":"ErrorType.TERMINAL", "message":"Idle cell."}],"path":[8]},{"cell_id":11,"errors":[{"line":1,"label":"", "error_type":"ErrorType.TERMINAL", "message":"Idle cell."}],"path":[11]},{"cell_id":16,"errors":[{"line":2,"label":"disp", "error_type":"ErrorType.TERMINAL", "message":"Idle cell."}],"path":[16]},{"cell_id":17,"errors":[{"line":1,"label":"accuracy", "error_type":"ErrorType.TERMINAL", "message":"Idle cell."}],"path":[17]},{"cell_id":18,"errors":[{"line":1,"label":"fpr", "error_type":"ErrorType.TERMINAL", "message":"Idle cell."},{"line":1,"label":"tpr", "error_type":"ErrorType.TERMINAL", "message":"Idle cell."},{"line":1,"label":"thresholds", "error_type":"ErrorType.TERMINAL", "message":"Idle cell."}],"path":[18]},{"cell_id":19,"errors":[{"line":1,"label":"", "error_type":"ErrorType.TERMINAL", "message":"Idle cell."}],"path":[19]}]